// Jest Snapshot v1, https://goo.gl/fbAQLP

exports[`Config Namespaces should match the snapshot 1`] = `
Object {
  "applicationName": "OgmaDemo",
  "env": "testing",
  "logging": Object {
    "deleteFrecuency": 10,
    "disableExpressParser": true,
    "json": true,
  },
  "port": 1234,
}
`;
